﻿
> frontend@0.0.0 build
> vite build

[36mvite v7.3.1 [32mbuilding client environment for production...[36m[39m
transforming...
[32mΓ£ô[39m 3 modules transformed.
node.exe : [31mΓ£ù[39m 
Build failed in 197ms
No linha:1 caractere:1
+ & "C:\Program 
Files\nodejs/node.exe" 
"C:\Program 
Files\nodejs/node_mo ...
+ ~~~~~~~~~~~~~~~~~~~~~~~~~~
~~~~~~~~~~~~~~~~~~~~~~~~~~~~
~~~~~~~~~~~~~~~
    + CategoryInfo          
    : NotSpecified: ([31m  
  Γ£ù[39m Build failed i   
 n 197ms:String) [], Rem    
oteException
    + FullyQualifiedErrorId 
    : NativeCommandError
 
[31merror during build:
[31m[vite:css] [postcss] 
It looks like you're trying 
to use `tailwindcss` 
directly as a PostCSS 
plugin. The PostCSS plugin 
has moved to a separate 
package, so to continue 
using Tailwind CSS with 
PostCSS you'll need to 
install 
`@tailwindcss/postcss` and 
update your PostCSS 
configuration.[31m
file: 
[36mC:/Users/Henrique Lima/
Desktop/dti/frontend/src/ind
ex.css:undefined:NaN[31m
    at at 
(C:\Users\Henrique Lima\Desk
top\dti\frontend\node_module
s\tailwindcss\dist\lib.js:38
:1643)
    at LazyResult.runOnRoot 
(C:\Users\Henrique Lima\Desk
top\dti\frontend\node_module
s\postcss\lib\lazy-result.js
:361:16)
    at LazyResult.runAsync 
(C:\Users\Henrique Lima\Desk
top\dti\frontend\node_module
s\postcss\lib\lazy-result.js
:290:26)
    at LazyResult.async 
(C:\Users\Henrique Lima\Desk
top\dti\frontend\node_module
s\postcss\lib\lazy-result.js
:192:30)
    at LazyResult.then 
(C:\Users\Henrique Lima\Desk
top\dti\frontend\node_module
s\postcss\lib\lazy-result.js
:436:17)[39m
